// Jest Snapshot v1, https://goo.gl/fbAQLP

exports[`Snapshot Home page should match the snapshot 1`] = `
<DocumentFragment>
  <div
    class="homeDiv"
  >
    <h1>
      Welcome to my Calculator Project
    </h1>
    <p>
      This project is part of my learning React framework with the aim of building a Calculator
    </p>
    <p
      class="list-title"
    >
      Features List:
    </p>
    <ul>
      <li>
        Add
      </li>
      <li>
        Subtract
      </li>
      <li>
        Multiply
      </li>
      <li>
        Divide
      </li>
      <li>
        Turn number into percentage
      </li>
      <li>
        Change sign of a numbers
      </li>
      <li>
        Use float numbers
      </li>
    </ul>
    <p
      class="list-title"
    >
      Built With:
    </p>
    <ul>
      <li>
        Node.js
      </li>
      <li>
        React
      </li>
      <li>
        React-DOM
      </li>
      <li>
        React-Create-App
      </li>
      <li>
        React-Router-Dom
      </li>
      <li>
        React Hooks
      </li>
      <li>
        npm
      </li>
      <li>
        Heroku
      </li>
    </ul>
  </div>
</DocumentFragment>
`;
